Godot Engine v4.7.1.stable.arch_linux.a13da4feb (2026-07-13 21:00:28 UTC) - https://godotengine.org
WARNING: xdg-toplevel-icon protocol not found! Cannot set window icon.
     at: init (platform/linuxbsd/wayland/wayland_thread.cpp:5591)
WARNING: radv is not a conformant Vulkan implementation, testing use only.
Vulkan 1.4.354 - Forward+ - Using Device #0: AMD - AMD Radeon RX 9070 XT (RADV GFX1201)

Godot Engine v4.7.1.stable.arch_linux.a13da4feb (2026-07-13 21:00:28 UTC) - https://godotengine.org
WARNING: radv is not a conformant Vulkan implementation, testing use only.
Vulkan 1.4.354 - Forward+ - Using Device #0: AMD - AMD Radeon RX 9070 XT (RADV GFX1201)

Godot Engine v4.7.1.stable.arch_linux.a13da4feb (2026-07-13 21:00:28 UTC) - https://godotengine.org
WARNING: radv is not a conformant Vulkan implementation, testing use only.
Vulkan 1.4.354 - Forward+ - Using Device #0: AMD - AMD Radeon RX 9070 XT (RADV GFX1201)

Godot Engine v4.7.1.stable.arch_linux.a13da4feb (2026-07-13 21:00:28 UTC) - https://godotengine.org
WARNING: radv is not a conformant Vulkan implementation, testing use only.
Vulkan 1.4.354 - Forward+ - Using Device #0: AMD - AMD Radeon RX 9070 XT (RADV GFX1201)

Godot Engine v4.7.1.stable.arch_linux.a13da4feb (2026-07-13 21:00:28 UTC) - https://godotengine.org
WARNING: radv is not a conformant Vulkan implementation, testing use only.
Vulkan 1.4.354 - Forward+ - Using Device #0: AMD - AMD Radeon RX 9070 XT (RADV GFX1201)

Godot Engine v4.7.1.stable.arch_linux.a13da4feb (2026-07-13 21:00:28 UTC) - https://godotengine.org
WARNING: radv is not a conformant Vulkan implementation, testing use only.
Vulkan 1.4.354 - Forward+ - Using Device #0: AMD - AMD Radeon RX 9070 XT (RADV GFX1201)

Godot Engine v4.7.1.stable.arch_linux.a13da4feb (2026-07-13 21:00:28 UTC) - https://godotengine.org
WARNING: radv is not a conformant Vulkan implementation, testing use only.
Vulkan 1.4.354 - Forward+ - Using Device #0: AMD - AMD Radeon RX 9070 XT (RADV GFX1201)

Godot Engine v4.7.1.stable.arch_linux.a13da4feb (2026-07-13 21:00:28 UTC) - https://godotengine.org
WARNING: radv is not a conformant Vulkan implementation, testing use only.
Vulkan 1.4.354 - Forward+ - Using Device #0: AMD - AMD Radeon RX 9070 XT (RADV GFX1201)

Godot Engine v4.7.1.stable.arch_linux.a13da4feb (2026-07-13 21:00:28 UTC) - https://godotengine.org
WARNING: radv is not a conformant Vulkan implementation, testing use only.
Vulkan 1.4.354 - Forward+ - Using Device #0: AMD - AMD Radeon RX 9070 XT (RADV GFX1201)

Godot Engine v4.7.1.stable.arch_linux.a13da4feb (2026-07-13 21:00:28 UTC) - https://godotengine.org
WARNING: radv is not a conformant Vulkan implementation, testing use only.
Vulkan 1.4.354 - Forward+ - Using Device #0: AMD - AMD Radeon RX 9070 XT (RADV GFX1201)

Godot Engine v4.7.1.stable.arch_linux.a13da4feb (2026-07-13 21:00:28 UTC) - https://godotengine.org
WARNING: radv is not a conformant Vulkan implementation, testing use only.
Vulkan 1.4.354 - Forward+ - Using Device #0: AMD - AMD Radeon RX 9070 XT (RADV GFX1201)

Godot Engine v4.7.1.stable.arch_linux.a13da4feb (2026-07-13 21:00:28 UTC) - https://godotengine.org
WARNING: radv is not a conformant Vulkan implementation, testing use only.
Vulkan 1.4.354 - Forward+ - Using Device #0: AMD - AMD Radeon RX 9070 XT (RADV GFX1201)

Godot Engine v4.7.1.stable.arch_linux.a13da4feb (2026-07-13 21:00:28 UTC) - https://godotengine.org
WARNING: radv is not a conformant Vulkan implementation, testing use only.
Vulkan 1.4.354 - Forward+ - Using Device #0: AMD - AMD Radeon RX 9070 XT (RADV GFX1201)

Godot Engine v4.7.1.stable.arch_linux.a13da4feb (2026-07-13 21:00:28 UTC) - https://godotengine.org
WARNING: radv is not a conformant Vulkan implementation, testing use only.
Vulkan 1.4.354 - Forward+ - Using Device #0: AMD - AMD Radeon RX 9070 XT (RADV GFX1201)

Godot Engine v4.7.1.stable.arch_linux.a13da4feb (2026-07-13 21:00:28 UTC) - https://godotengine.org
WARNING: radv is not a conformant Vulkan implementation, testing use only.
Vulkan 1.4.354 - Forward+ - Using Device #0: AMD - AMD Radeon RX 9070 XT (RADV GFX1201)

Godot Engine v4.7.1.stable.arch_linux.a13da4feb (2026-07-13 21:00:28 UTC) - https://godotengine.org
WARNING: radv is not a conformant Vulkan implementation, testing use only.
Vulkan 1.4.354 - Forward+ - Using Device #0: AMD - AMD Radeon RX 9070 XT (RADV GFX1201)

SCRIPT ERROR: Parse Error: Cannot infer the type of "origin" variable because the value doesn't have a set type.
          at: GDScript::reload (res://fps-controller/fps_controller.gd:270)
SCRIPT ERROR: Parse Error: Cannot infer the type of "side" variable because the value doesn't have a set type.
          at: GDScript::reload (res://fps-controller/fps_controller.gd:271)
ERROR: Failed to load script "res://fps-controller/fps_controller.gd" with error "Parse error".
   at: load (modules/gdscript/gdscript_resource_format.cpp:46)
SCRIPT ERROR: Parse Error: Cannot infer the type of "origin" variable because the value doesn't have a set type.
          at: GDScript::reload (res://fps-controller/fps_controller.gd:270)
SCRIPT ERROR: Parse Error: Cannot infer the type of "side" variable because the value doesn't have a set type.
          at: GDScript::reload (res://fps-controller/fps_controller.gd:271)
Godot Engine v4.7.1.stable.arch_linux.a13da4feb (2026-07-13 21:00:28 UTC) - https://godotengine.org
WARNING: radv is not a conformant Vulkan implementation, testing use only.
Vulkan 1.4.354 - Forward+ - Using Device #0: AMD - AMD Radeon RX 9070 XT (RADV GFX1201)

WARNING: 34 RIDs of type "CanvasItem" were leaked.
   at: _free_rids (servers/rendering/renderer_canvas_cull.cpp:2735)
WARNING: 7 RIDs of type "Texture" were leaked.
   at: finalize (servers/rendering/rendering_device.cpp:8900)
WARNING: 179 ObjectDB instances were leaked at exit (run with `--verbose` for details).
   at: cleanup (core/object/object.cpp:2536)
ERROR: 4 RID allocations of type 'N10RendererRD14TextureStorage7TextureE' were leaked at exit.
ERROR: 132 RID allocations of type 'PN18TextServerAdvanced22ShapedTextDataAdvancedE' were leaked at exit.
ERROR: 1 RID allocations of type 'PN18TextServerAdvanced12FontAdvancedE' were leaked at exit.
